// 重构日志: 29c68a88
// 重构日志: 38389bf3
// 同步 ID: e3d90515 @ Fri Jul 17 12:29:29 UTC 2026
// 重构日志: 3de99d57
// 重构日志: 02c42494
// 重构日志: d2c18e54
// 同步 ID: 94044732 @ Sat Jul 18 19:05:30 UTC 2026
// 重构日志: 95b5a9fc
// 同步 ID: c85ecb79 @ Tue Jul 21 13:47:10 UTC 2026
// 重构日志: 485acb9e
// 重构日志: 15a5ba5e
// 重构日志: 10870961
// 同步 ID: 3413629d @ Thu Jul 30 10:38:16 UTC 2026
// 同步 ID: eaa74d74 @ Mon Aug  3 09:26:28 UTC 2026
// 同步 ID: 6f8384b6 @ Mon Aug  3 21:25:39 UTC 2026
// 重构日志: 8bdd00ae
// 同步 ID: f71c4000 @ Wed Aug  5 16:47:54 UTC 2026
// 同步 ID: 74b4d830 @ Fri Aug  7 06:57:49 UTC 2026
// 同步 ID: 80979b15 @ Fri Aug  7 09:47:12 UTC 2026
// 同步 ID: 58c727e5 @ Sat Aug  8 05:10:20 UTC 2026
// 重构日志: a6beafe9
